#!/bin/bash
info="nhack - Restrict network performance for testing"
licence="
The MIT License (MIT)

Copyright (c) 2017 Jake Causon

Permission is hereby granted, free of charge, to any person obtaining a copy
of this software and associated documentation files (the \"Software\"), to deal
in the Software without restriction, including without limitation the rights
to use, copy, modify, merge, publish, distribute, sublicense, and/or sell
copies of the Software, and to permit persons to whom the Software is
furnished to do so, subject to the following conditions:

The above copyright notice and this permission notice shall be included in all
copies or substantial portions of the Software.

THE SOFTWARE IS PROVIDED \"AS IS\", WITHOUT WARRANTY OF ANY KIND, EXPRESS OR
IMPLIED, INCLUDING BUT NOT LIMITED TO THE WARRANTIES OF MERCHANTABILITY,
FITNESS FOR A PARTICULAR PURPOSE AND NONINFRINGEMENT. IN NO EVENT SHALL THE
AUTHORS OR COPYRIGHT HOLDERS BE LIABLE FOR ANY CLAIM, DAMAGES OR OTHER
LIABILITY, WHETHER IN AN ACTION OF CONTRACT, TORT OR OTHERWISE, ARISING FROM,
OUT OF OR IN CONNECTION WITH THE SOFTWARE OR THE USE OR OTHER DEALINGS IN THE
SOFTWARE.
"

# TODO: Allow this to be changed
interface="eth0"

mode=$1
command=$2

latencyhelp="
$ nhack latency list
    List current latency that has been added to eth0
$ nhack latency start 100ms
    Add 100ms of latency to eth0
$ nhack latency stop
    Remove any latency that has been applied to eth0"

bandwithhelp="
$ nhack bandwith start 1kbps
    Limit the bandwith to 1kbps on eth0
$ nback bandwith stop
    Disable any bandwith limits on eth0
"

help="
$info

$ nhack help
    Help on how to use nhack
$ nhack licence
    Print the licence info
$latencyhelp
$bandwithhelp
"

case "$mode$command" in
    # Latency commands
    latencystart)
        echo "Add latency of ${@:3} to $interface"
        tc qdisc add dev $interface root netem delay ${@:3}
        ;;
    latencystop)
        echo "Stop extra latency on $interface"
        tc qdisc del dev $interface root netem
        ;;
    latencylist)
        output=`tc -s qdisc | grep "$interface" | grep 'delay .*ms' -o`
        if [[ -z "$output" ]]
        then
            echo "No delay on $interface"
        else
            echo "$output"
        fi
        ;;

    bandwithstart)
        echo "Start bandwith limit of ${@:3} on $interface"
        tc qdisc add dev $interface handle 1: root htb default 11
        tc class add dev $interface parent 1: classid 1:1 htb rate ${@:3}
        tc class add dev $interface parent 1:1 classid 1:11 htb rate ${@:3}
        ;;
    bandwithstop)
        echo "Stop bandwith limit on $interface"
        tc qdisc del dev $interface root htb
        ;;

    stop)
        echo "Clear all rules"
        tc qdisc del dev $interface root
        ;;

    # Help commands
    latencyhelp)
        echo "$latencyhelp"
        ;;
    bandwithhelp)
        echo "$bandwithhelp"
        ;;
    help)
        echo "$help"
        ;;
    licence)
        echo "$licence"
        ;;

    # Error: Unknown command
    *)
        echo "Unknown command '$mode $command'"
        echo "For a list of supported commands:"
        echo "    $ nhack help"
        exit 1
esac
